{"input": "dot_depth__k-100__sigma-2.ltl", "bytes": 4678, "sha256": "2a4ff09f90e1deadd5f513001f0e6a72ac4f0fb43635b3b3aafaea9fbe499dcc", "timeout_seconds": 120.0, "status": "nonempty", "compile_seconds": 0.891, "solve_seconds": 0.118, "wall_seconds": 1.021, "repetitions": 3, "states": 402, "goto": 0}
{"input": "dot_depth__k-400__sigma-2.ltl", "bytes": 18778, "sha256": "7bf4b0b6ec27b4eaf4867e44d0d74bd7fbbebf4e40a88777bcf89da0c1b517c6", "timeout_seconds": 120.0, "status": "nonempty", "compile_seconds": 1.989, "solve_seconds": 0.23, "wall_seconds": 2.22, "repetitions": 3, "states": 1602, "goto": 0}
{"input": "dot_depth__k-800__sigma-2.ltl", "bytes": 38789, "sha256": "2b2d1d6bfb00700a3261a50bf78aaa9f1933fa23846231e204d5d80847f524cc", "timeout_seconds": 120.0, "status": "error", "stage": "compile", "detail": ["\tat scala.collection.immutable.List.flatMap(List.scala:294)"]}
{"input": "dot_depth__k-3200__sigma-2.ltl", "bytes": 161189, "sha256": "8c16136316dee22f1c5ca1497a667914bc969161185b169db6d8c2314fdfb7e9", "timeout_seconds": 120.0, "status": "error", "stage": "compile", "detail": ["\tat brasp.TwoLtlToOneVariable$.witnessReferences$1$$anonfun$1(TwoLtlToOneVariable.scala:166)"]}
{"input": "y_depth__k-10.ltl", "bytes": 274, "sha256": "165b648d216041df293bb61edb72109fc50b29879796aff9fb0ba7e07f564fdf", "timeout_seconds": 120.0, "status": "nonempty", "compile_seconds": 0.831, "solve_seconds": 0.143, "wall_seconds": 0.982, "repetitions": 3, "states": 22, "goto": 0}
{"input": "y_depth__k-12.ltl", "bytes": 310, "sha256": "680b124d59231abd8681a3429bbf8b4cb5edea9f13c46b7fa59152e518328229", "timeout_seconds": 120.0, "status": "nonempty", "compile_seconds": 0.887, "solve_seconds": 0.147, "wall_seconds": 1.029, "repetitions": 3, "states": 26, "goto": 0}
{"input": "y_depth__k-14.ltl", "bytes": 346, "sha256": "b80715f39bfabe6b5fe4605aeb0bae13952252b6a1e418307c9108dccbde69b0", "timeout_seconds": 120.0, "status": "nonempty", "compile_seconds": 0.862, "solve_seconds": 0.147, "wall_seconds": 1.01, "repetitions": 3, "states": 30, "goto": 0}
{"input": "y_depth__k-16.ltl", "bytes": 382, "sha256": "86e6b377b240e362a0e3309bfd17f6cbfb21ffe7e5d4c658a5e83da2c233c600", "timeout_seconds": 120.0, "status": "nonempty", "compile_seconds": 0.789, "solve_seconds": 0.139, "wall_seconds": 0.929, "repetitions": 3, "states": 34, "goto": 0}
{"input": "y_depth__k-20.ltl", "bytes": 454, "sha256": "7ec8d4a5181b8e50e97f42210f53f832410e6f95f3ab8dddac334976803709e2", "timeout_seconds": 120.0, "status": "nonempty", "compile_seconds": 0.704, "solve_seconds": 0.123, "wall_seconds": 0.815, "repetitions": 3, "states": 42, "goto": 0}
{"input": "y_depth__k-100.ltl", "bytes": 1896, "sha256": "d481dbf787145703f7bd0e40200d9340683bd41eb8c54570c4471fd788e5ad71", "timeout_seconds": 120.0, "status": "nonempty", "compile_seconds": 0.651, "solve_seconds": 0.112, "wall_seconds": 0.765, "repetitions": 3, "states": 202, "goto": 0}
{"input": "y_depth__k-500.ltl", "bytes": 9896, "sha256": "50e5aa2eeacbca9f33fe165f6a2d2c2e956f83ca4d947500288711101e3733b7", "timeout_seconds": 120.0, "status": "nonempty", "compile_seconds": 0.81, "solve_seconds": 0.149, "wall_seconds": 0.962, "repetitions": 3, "states": 1002, "goto": 0}
{"input": "y_depth__k-8000.ltl", "bytes": 173898, "sha256": "480e6cae979d716ea3993b12e02d68e56c8135361125b51a9d7949ffd0af764b", "timeout_seconds": 120.0, "status": "error", "stage": "compile", "detail": ["\tat brasp.TwoLtlToOneVariable$.witnessReferences$1(TwoLtlToOneVariable.scala:163)"]}
{"input": "y_depth__no_two_a__k-5.ltl", "bytes": 247, "sha256": "76f183fc7068bac9d774dba8c22e98da9be34c7224d9f44f939a1a37ffe9c76b", "timeout_seconds": 120.0, "status": "nonempty", "compile_seconds": 0.586, "solve_seconds": 0.089, "wall_seconds": 0.676, "repetitions": 3, "states": 18, "goto": 0}
{"input": "y_depth__no_two_a__k-8.ltl", "bytes": 299, "sha256": "7fef6a97e96cbe610cb01379d8b8d5de31c6cbbc4974494ce6fd8388f7315180", "timeout_seconds": 120.0, "status": "nonempty", "compile_seconds": 0.574, "solve_seconds": 0.087, "wall_seconds": 0.662, "repetitions": 3, "states": 24, "goto": 0}
{"input": "y_depth__no_two_a__k-12.ltl", "bytes": 371, "sha256": "a4764d3329098f02e0beb189b3091617e40cf3cce8f93b34b611210ba422adfc", "timeout_seconds": 120.0, "status": "nonempty", "compile_seconds": 0.584, "solve_seconds": 0.087, "wall_seconds": 0.671, "repetitions": 3, "states": 32, "goto": 0}
{"input": "y_depth__no_two_a__k-16.ltl", "bytes": 443, "sha256": "1531a27799b6c9eb3eaddda408f5a4608ed62e8e22b46e7cb53e327a684e9b3d", "timeout_seconds": 120.0, "status": "nonempty", "compile_seconds": 0.518, "solve_seconds": 0.089, "wall_seconds": 0.608, "repetitions": 3, "states": 40, "goto": 0}
{"input": "y_depth__no_two_a__k-24.ltl", "bytes": 587, "sha256": "18b64b2bf8844ad2abe7f0de66958e2881ea46e8c82d2d9f807f879b8c92547c", "timeout_seconds": 120.0, "status": "nonempty", "compile_seconds": 0.57, "solve_seconds": 0.082, "wall_seconds": 0.657, "repetitions": 3, "states": 56, "goto": 0}
{"input": "y_depth__no_two_a__k-1000.ltl", "bytes": 19971, "sha256": "27e2bc522080188e80358bb5066a8af2b832f721c434111af8d564997f4d2e0d", "timeout_seconds": 120.0, "status": "error", "stage": "compile", "detail": ["\tat brasp.TwoLtlToOneVariable$.witnessReferences$1(TwoLtlToOneVariable.scala:163)"]}
{"input": "y_depth__no_two_a__k-4000.ltl", "bytes": 85971, "sha256": "53a763128837c637fe55f6dfa80e9e30209b2a3a91e6920a1fb839c02241f785", "timeout_seconds": 120.0, "status": "error", "stage": "compile", "detail": ["\tat scala.collection.immutable.List.flatMap(List.scala:294)"]}
{"input": "y_depth__no_two_a__k-64000.ltl", "bytes": 1513979, "sha256": "9c9ea5f0fe7e7d0f444664eb9a4f1ebfe62e0b9b0c39c911015f564638cfeb63", "timeout_seconds": 120.0, "status": "error", "stage": "compile", "detail": ["\tat scala.collection.immutable.List.flatMap(List.scala:294)"]}
{"input": "two_var__monotone_past__sigma-8.ltl", "bytes": 889, "sha256": "b4d1ee34b1ed47f33ec294311a503fcf7fe667b789ab5bdd147e7c93f4b41b5f", "timeout_seconds": 120.0, "status": "empty", "compile_seconds": 1.055, "solve_seconds": 0.114, "wall_seconds": 1.17, "repetitions": 3, "states": 272, "goto": 0}
{"input": "two_var__monotone_past__sigma-9.ltl", "bytes": 1091, "sha256": "01104f87fd3bff60a982a11d3970557cc8d28ff3cfaac2a03c832e9a787a8f79", "timeout_seconds": 120.0, "status": "empty", "compile_seconds": 2.001, "solve_seconds": 0.145, "wall_seconds": 2.14, "repetitions": 3, "states": 530, "goto": 0}
{"input": "two_var__monotone_past__sigma-10.ltl", "bytes": 1318, "sha256": "38a252bc055a60c1e128136afdd5e6e244a867f727862b2f49bf00ef0ff5ab82", "timeout_seconds": 120.0, "status": "empty", "compile_seconds": 4.777, "solve_seconds": 0.18, "wall_seconds": 4.978, "repetitions": 3, "states": 1044, "goto": 0}
{"input": "two_var__monotone_past__sigma-11.ltl", "bytes": 1577, "sha256": "374002bc99f56f8cf8cb8e9cec4f54e0282ffcb36de340dc0e6f4bbda055a232", "timeout_seconds": 120.0, "status": "empty", "compile_seconds": 16.749, "solve_seconds": 0.246, "wall_seconds": 16.997, "repetitions": 3, "states": 2070, "goto": 0}
