[debug] > Exec(early(addDefaultCommands), None, None)
[debug] > Exec(addDefaultCommands, None, None)
[debug] > Exec(early(initialize), None, None)
[debug] > Exec(initialize, None, None)
[debug] > Exec(boot, None, None)
[debug] > Exec(writeSbtVersion, None, None)
[debug] > Exec(reload, None, None)
[debug] > Exec(sbtStashOnFailure, None, None)
[debug] > Exec(onFailure loadFailed, None, None)
[debug] > Exec(loadp, None, None)
[info] welcome to sbt 1.12.0 (Oracle Corporation Java 24)
[debug] Load.defaultLoad until apply took 105.177164ms
[debug]           Load.loadUnit: plugins took 80.600417ms
[debug]           Load.loadUnit: defsScala took 0.44516ms
[debug] [Loading] Scanning directory /Users/alexander/work/brasp_verification/project
[debug] [Loading] Found non-root projects 
[debug] [Loading] Done in /Users/alexander/work/brasp_verification/project, returning: ()
[debug] deducing auto plugins based on known facts Set(Atom(sbt.plugins.CorePlugin)) and clauses Clauses(Clause(Atom(sbt.plugins.JvmPlugin),Set(Atom(sbt.plugins.IvyPlugin)))
[debug] Clause(Atom(sbt.ScriptedPlugin),Set(Atom(sbt.plugins.JvmPlugin)))
[debug] Clause(Atom(sbt.plugins.SbtPlugin),Set(Atom(sbt.ScriptedPlugin)))
[debug] Clause(Atom(sbt.plugins.SemanticdbPlugin),Set(Atom(sbt.plugins.JvmPlugin)))
[debug] Clause(Atom(sbt.plugins.JUnitXmlReportPlugin),Set(Atom(sbt.plugins.JvmPlugin)))
[debug] Clause(Atom(sbt.plugins.MiniDependencyTreePlugin),Set(Atom(sbt.plugins.JvmPlugin)))
[debug] Clause(Atom(sbt.plugins.CorePlugin),Set(Atom(sbt.plugins.IvyPlugin)))
[debug] Clause(Atom(sbt.plugins.IvyPlugin),Set(Atom(sbt.plugins.JvmPlugin)))
[debug] Clause(Atom(sbt.plugins.JvmPlugin),Set(Atom(sbt.plugins.SemanticdbPlugin)))
[debug] Clause(Atom(sbt.plugins.JvmPlugin),Set(Atom(sbt.plugins.JUnitXmlReportPlugin)))
[debug] Clause(Atom(sbt.plugins.CorePlugin),Set(Atom(sbt.plugins.Giter8TemplatePlugin)))
[debug] Clause(Atom(sbt.plugins.JvmPlugin),Set(Atom(sbt.plugins.MiniDependencyTreePlugin))))
[debug]   :: deduced result: Matched(sbt.plugins.CorePlugin,sbt.plugins.Giter8TemplatePlugin,sbt.plugins.IvyPlugin,sbt.plugins.JvmPlugin,sbt.plugins.MiniDependencyTreePlugin,sbt.plugins.JUnitXmlReportPlugin,sbt.plugins.SemanticdbPlugin)
[debug] Plugins.deducer#function took 25.72472 ms
[debug]               Load.resolveProject(brasp_verification-build) took 45.044988ms
[debug]             Load.loadTransitive: finalizeProject(Project(id brasp_verification-build, base: /Users/alexander/work/brasp_verification/project, plugins: List(<none>))) took 91.479338ms
[debug] [Loading] Done in /Users/alexander/work/brasp_verification/project, returning: (brasp_verification-build)
[debug]           Load.loadUnit: loadedProjectsRaw took 114.403649ms
[debug]           Load.loadUnit: cleanEvalClasses took 0.298678ms
[debug]         Load.loadUnit(file:/Users/alexander/work/brasp_verification/project/, ...) took 203.843222ms
[debug]       Load.apply: load took 636.322145ms
[debug]       Load.apply: resolveProjects took 9.171791ms
[debug]       Load.apply: finalTransforms took 92.484391ms
[debug]       Load.apply: config.delegates took 8.085442ms
[debug]       Load.apply: Def.make(settings)... took 346.97799ms
[debug]       Load.apply: structureIndex took 194.515524ms
[debug]       Load.apply: mkStreams took 1.5087ms
[info] loading project definition from /Users/alexander/work/brasp_verification/project
[debug] Running task... Cancel: Signal, check cycles: false, forcegc: true
[debug]     Load.loadUnit: plugins took 2190.045378ms
[debug]     Load.loadUnit: defsScala took 0.005627ms
[debug] [Loading] Scanning directory /Users/alexander/work/brasp_verification
[debug]       Load.loadUnit: mkEval took 6.402986ms
[debug] [Loading] Found root project root w/ remaining 
[debug] deducing auto plugins based on known facts Set(Atom(sbt.plugins.CorePlugin)) and clauses Clauses(Clause(Atom(sbt.plugins.JvmPlugin),Set(Atom(sbt.plugins.IvyPlugin)))
[debug] Clause(Atom(sbt.ScriptedPlugin),Set(Atom(sbt.plugins.JvmPlugin)))
[debug] Clause(Atom(sbt.plugins.SbtPlugin),Set(Atom(sbt.ScriptedPlugin)))
[debug] Clause(Atom(sbt.plugins.SemanticdbPlugin),Set(Atom(sbt.plugins.JvmPlugin)))
[debug] Clause(Atom(sbt.plugins.JUnitXmlReportPlugin),Set(Atom(sbt.plugins.JvmPlugin)))
[debug] Clause(Atom(sbt.plugins.MiniDependencyTreePlugin),Set(Atom(sbt.plugins.JvmPlugin)))
[debug] Clause(Atom(sbt.plugins.CorePlugin),Set(Atom(sbt.plugins.IvyPlugin)))
[debug] Clause(Atom(sbt.plugins.IvyPlugin),Set(Atom(sbt.plugins.JvmPlugin)))
[debug] Clause(Atom(sbt.plugins.JvmPlugin),Set(Atom(sbt.plugins.SemanticdbPlugin)))
[debug] Clause(Atom(sbt.plugins.JvmPlugin),Set(Atom(sbt.plugins.JUnitXmlReportPlugin)))
[debug] Clause(Atom(sbt.plugins.CorePlugin),Set(Atom(sbt.plugins.Giter8TemplatePlugin)))
[debug] Clause(Atom(sbt.plugins.JvmPlugin),Set(Atom(sbt.plugins.MiniDependencyTreePlugin))))
[debug]   :: deduced result: Matched(sbt.plugins.CorePlugin,sbt.plugins.Giter8TemplatePlugin,sbt.plugins.IvyPlugin,sbt.plugins.JvmPlugin,sbt.plugins.MiniDependencyTreePlugin,sbt.plugins.JUnitXmlReportPlugin,sbt.plugins.SemanticdbPlugin)
[debug] Plugins.deducer#function took 3.128506 ms
[info] loading settings for project root from build.sbt...
[debug]         Load.resolveProject(root) took 2.728515ms
[debug]       Load.loadTransitive: finalizeProject(Project(id root, base: /Users/alexander/work/brasp_verification, plugins: List(<none>))) took 6.915043ms
[debug] [Loading] Done in /Users/alexander/work/brasp_verification, returning: (root)
[debug]     Load.loadUnit: loadedProjectsRaw took 167.324732ms
[debug]     Load.loadUnit: cleanEvalClasses took 4.590105ms
[debug]   Load.loadUnit(file:/Users/alexander/work/brasp_verification/, ...) took 2363.958252ms
[debug] Load.apply: load took 2385.875243ms
[debug] Load.apply: resolveProjects took 0.251405ms
[debug] Load.apply: finalTransforms took 11.313121ms
[debug] Load.apply: config.delegates took 0.303298ms
[debug] Load.apply: Def.make(settings)... took 82.555745ms
[debug] Load.apply: structureIndex took 25.827874ms
[debug] Load.apply: mkStreams took 0.002217ms
[info] set current project to brasp-verification (in build file:/Users/alexander/work/brasp_verification/)
[debug] Running task... Cancel: Signal, check cycles: false, forcegc: true
[debug] > Exec(sbtPopOnFailure, None, None)
[debug] > Exec(resumeFromFailure, None, None)
[debug] > Exec(notifyUsersAboutShell, None, None)
[debug] > Exec(iflast shell, None, None)
[debug] > Exec(set outputStrategy := Some(StdoutOutput), None, None)
[info] Defining outputStrategy
[info] The new value will be used by Compile / forkOptions, Compile / run / forkOptions and 2 others.
[info] 	Run `last` for details.
[debug] Defining 
[debug] 	outputStrategy
[debug] 
[debug] The new value will be used by 
[debug] 	Compile / forkOptions
[debug] 	Compile / run / forkOptions
[debug] 	Test / forkOptions
[debug] 	Test / run / forkOptions
[debug] 	forkOptions
[info] Reapplying settings...
[info] set current project to brasp-verification (in build file:/Users/alexander/work/brasp_verification/)
[debug] > Exec(runMain brasp.Translator examples/last_a.json --future, None, None)
[debug] Evaluating tasks: Compile / runMain
[debug] Running task... Cancel: Signal, check cycles: false, forcegc: true
