[debug] > Exec(early(addDefaultCommands), None, None)
[debug] > Exec(addDefaultCommands, None, None)
[debug] > Exec(early(initialize), None, None)
[debug] > Exec(initialize, None, None)
[debug] > Exec(boot, None, None)
[debug] > Exec(writeSbtVersion, None, None)
[debug] > Exec(reload, None, None)
[debug] > Exec(sbtStashOnFailure, None, None)
[debug] > Exec(onFailure loadFailed, None, None)
[debug] > Exec(loadp, None, None)
[info] welcome to sbt 1.12.0 (Oracle Corporation Java 24)
[debug] Load.defaultLoad until apply took 107.969682ms
[debug]           Load.loadUnit: plugins took 65.88766ms
[debug]           Load.loadUnit: defsScala took 0.613076ms
[debug] [Loading] Scanning directory /Users/alexander/work/brasp_verification/project
[debug]             Load.loadUnit: mkEval took 5.902424ms
[debug] [Loading] Found non-root projects 
[debug] [Loading] Done in /Users/alexander/work/brasp_verification/project, returning: ()
[debug] deducing auto plugins based on known facts Set(Atom(sbt.plugins.CorePlugin)) and clauses Clauses(Clause(Atom(sbt.plugins.JvmPlugin),Set(Atom(sbt.plugins.IvyPlugin)))
[debug] Clause(Atom(sbt.ScriptedPlugin),Set(Atom(sbt.plugins.JvmPlugin)))
[debug] Clause(Atom(sbt.plugins.SbtPlugin),Set(Atom(sbt.ScriptedPlugin)))
[debug] Clause(Atom(sbt.plugins.SemanticdbPlugin),Set(Atom(sbt.plugins.JvmPlugin)))
[debug] Clause(Atom(sbt.plugins.JUnitXmlReportPlugin),Set(Atom(sbt.plugins.JvmPlugin)))
[debug] Clause(Atom(sbt.plugins.MiniDependencyTreePlugin),Set(Atom(sbt.plugins.JvmPlugin)))
[debug] Clause(Atom(sbt.plugins.CorePlugin),Set(Atom(sbt.plugins.IvyPlugin)))
[debug] Clause(Atom(sbt.plugins.IvyPlugin),Set(Atom(sbt.plugins.JvmPlugin)))
[debug] Clause(Atom(sbt.plugins.JvmPlugin),Set(Atom(sbt.plugins.SemanticdbPlugin)))
[debug] Clause(Atom(sbt.plugins.JvmPlugin),Set(Atom(sbt.plugins.JUnitXmlReportPlugin)))
[debug] Clause(Atom(sbt.plugins.CorePlugin),Set(Atom(sbt.plugins.Giter8TemplatePlugin)))
[debug] Clause(Atom(sbt.plugins.JvmPlugin),Set(Atom(sbt.plugins.MiniDependencyTreePlugin))))
[debug]   :: deduced result: Matched(sbt.plugins.CorePlugin,sbt.plugins.Giter8TemplatePlugin,sbt.plugins.IvyPlugin,sbt.plugins.JvmPlugin,sbt.plugins.MiniDependencyTreePlugin,sbt.plugins.JUnitXmlReportPlugin,sbt.plugins.SemanticdbPlugin)
[debug] Plugins.deducer#function took 61.118026 ms
[info] loading settings for project brasp_verification-build from plugins.sbt...
[debug]               Load.resolveProject(brasp_verification-build) took 82.748721ms
[debug]             Load.loadTransitive: finalizeProject(Project(id brasp_verification-build, base: /Users/alexander/work/brasp_verification/project, plugins: List(<none>))) took 183.803803ms
[debug] [Loading] Done in /Users/alexander/work/brasp_verification/project, returning: (brasp_verification-build)
[debug]           Load.loadUnit: loadedProjectsRaw took 587.1446ms
[debug]           Load.loadUnit: cleanEvalClasses took 25.772498ms
[debug]         Load.loadUnit(file:/Users/alexander/work/brasp_verification/project/, ...) took 692.156039ms
[debug]       Load.apply: load took 1312.344385ms
[debug]       Load.apply: resolveProjects took 8.911725ms
[debug]       Load.apply: finalTransforms took 60.329706ms
[debug]       Load.apply: config.delegates took 6.879135ms
[debug]       Load.apply: Def.make(settings)... took 395.486382ms
[debug]       Load.apply: structureIndex took 174.765549ms
[debug]       Load.apply: mkStreams took 1.150816ms
[info] loading project definition from /Users/alexander/work/brasp_verification/project
[debug] Running task... Cancel: Signal, check cycles: false, forcegc: true
[debug]     Load.loadUnit: plugins took 3039.371405ms
[debug]     Load.loadUnit: defsScala took 0.005283ms
[debug] [Loading] Scanning directory /Users/alexander/work/brasp_verification
[debug]       Load.loadUnit: mkEval took 0.250845ms
[debug] [Loading] Found root project root w/ remaining 
[debug] deducing auto plugins based on known facts Set(Atom(sbt.plugins.CorePlugin)) and clauses Clauses(Clause(Atom(sbt.plugins.JvmPlugin),Set(Atom(sbt.plugins.IvyPlugin)))
[debug] Clause(Atom(sbt.ScriptedPlugin),Set(Atom(sbt.plugins.JvmPlugin)))
[debug] Clause(Atom(sbt.plugins.SbtPlugin),Set(Atom(sbt.ScriptedPlugin)))
[debug] Clause(Atom(sbt.plugins.SemanticdbPlugin),Set(Atom(sbt.plugins.JvmPlugin)))
[debug] Clause(Atom(sbt.plugins.JUnitXmlReportPlugin),Set(Atom(sbt.plugins.JvmPlugin)))
[debug] Clause(Atom(sbt.plugins.MiniDependencyTreePlugin),Set(Atom(sbt.plugins.JvmPlugin)))
[debug] Clause(Atom(sbtassembly.AssemblyPlugin),Set(Atom(sbt.plugins.JvmPlugin)))
[debug] Clause(Atom(sbt.plugins.CorePlugin),Set(Atom(sbt.plugins.IvyPlugin)))
[debug] Clause(Atom(sbt.plugins.IvyPlugin),Set(Atom(sbt.plugins.JvmPlugin)))
[debug] Clause(Atom(sbt.plugins.JvmPlugin),Set(Atom(sbt.plugins.SemanticdbPlugin)))
[debug] Clause(Atom(sbt.plugins.JvmPlugin),Set(Atom(sbt.plugins.JUnitXmlReportPlugin)))
[debug] Clause(Atom(sbt.plugins.CorePlugin),Set(Atom(sbt.plugins.Giter8TemplatePlugin)))
[debug] Clause(Atom(sbt.plugins.JvmPlugin),Set(Atom(sbt.plugins.MiniDependencyTreePlugin)))
[debug] Clause(Atom(sbt.plugins.JvmPlugin),Set(Atom(sbtassembly.AssemblyPlugin))))
[debug]   :: deduced result: Matched(sbt.plugins.CorePlugin,sbt.plugins.Giter8TemplatePlugin,sbt.plugins.IvyPlugin,sbt.plugins.JvmPlugin,sbtassembly.AssemblyPlugin,sbt.plugins.MiniDependencyTreePlugin,sbt.plugins.JUnitXmlReportPlugin,sbt.plugins.SemanticdbPlugin)
[debug] Plugins.deducer#function took 3.541375 ms
[info] loading settings for project root from build.sbt...
[debug]         Load.resolveProject(root) took 3.093459ms
[debug]       Load.loadTransitive: finalizeProject(Project(id root, base: /Users/alexander/work/brasp_verification, plugins: List(<none>))) took 8.368701ms
[debug] [Loading] Done in /Users/alexander/work/brasp_verification, returning: (root)
[debug]     Load.loadUnit: loadedProjectsRaw took 115.219294ms
[debug]     Load.loadUnit: cleanEvalClasses took 1.059231ms
[debug]   Load.loadUnit(file:/Users/alexander/work/brasp_verification/, ...) took 3157.097576ms
[debug] Load.apply: load took 3237.928889ms
[debug] Load.apply: resolveProjects took 0.127356ms
[debug] Load.apply: finalTransforms took 19.852614ms
[debug] Load.apply: config.delegates took 0.531825ms
[debug] Load.apply: Def.make(settings)... took 113.012735ms
[debug] Load.apply: structureIndex took 35.977273ms
[debug] Load.apply: mkStreams took 0.002165ms
[info] set current project to brasp-verification (in build file:/Users/alexander/work/brasp_verification/)
[debug] Running task... Cancel: Signal, check cycles: false, forcegc: true
[debug] > Exec(sbtPopOnFailure, None, None)
[debug] > Exec(resumeFromFailure, None, None)
[debug] > Exec(notifyUsersAboutShell, None, None)
[debug] > Exec(iflast shell, None, None)
[debug] > Exec(runMain brasp.Translator --run-kind2 --kind2-equivalent examples/at_least_two_a.brasp examples/at_least_two_a.brasp --kind2-bin /Users/alexander/work/kind2, None, None)
[debug] Evaluating tasks: Compile / runMain
[debug] Running task... Cancel: Signal, check cycles: false, forcegc: true
